[localhost/settic-static-website/index.html]
[backblue.gif]
[fade.gif]
[index.html]
[localhost/settic-static-website/static/js/assets/jquery/jquery-3.3.1.min.js]
[localhost/settic-static-website/static/css/custom/style.css]
[localhost/settic-static-website/static/css/assets/animate.css]
[localhost/settic-static-website/static/css/custom/index.css]
[localhost/settic-static-website/static/icons/logo.png]
[localhost/settic-static-website/index-2.html]
[localhost/settic-static-website/about.html]
[localhost/settic-static-website/deee.html]
[localhost/settic-static-website/accompagnement.html]
[localhost/settic-static-website/box.html]
[localhost/settic-static-website/deee-management.html]
[localhost/settic-static-website/contact.html]
[localhost/settic-static-website/client.html]
[localhost/settic-static-website/static/images/c1.jpg]
[localhost/settic-static-website/static/images/c2.jpg]
[localhost/settic-static-website/static/images/c3.jpg]
[localhost/settic-static-website/static/icons/box_blue.png]
[localhost/settic-static-website/static/icons/recycle_blue.png]
[localhost/settic-static-website/static/icons/help_blue.png]
[localhost/settic-static-website/static/images/demantelement.jpg]
[localhost/settic-static-website/static/icons/facebook-logo.png]
[localhost/settic-static-website/static/icons/twitter-logo.png]
[localhost/settic-static-website/static/icons/email.png]
[localhost/settic-static-website/static/js/custom/index.js]
[localhost/settic-static-website/index.html]
[localhost/settic-static-website/static/images/electronic_waste.jpg]
[localhost/settic-static-website/static/css/custom/style.css]
[localhost/settic-static-website/static/css/assets/animate.css]
[localhost/settic-static-website/static/css/custom/index.css]
[localhost/settic-static-website/index-2.html]
[localhost/settic-static-website/static/css/custom/about.css]
[localhost/settic-static-website/about.html]
[localhost/settic-static-website/static/css/custom/deee.css]
[localhost/settic-static-website/deee.html]
[localhost/settic-static-website/static/js/custom/deee.js]
[localhost/settic-static-website/static/css/custom/accompagnement.css]
[localhost/settic-static-website/static/icons/inventaire.png]
[localhost/settic-static-website/static/icons/audit.png]
[localhost/settic-static-website/accompagnement.html]
[localhost/settic-static-website/static/icons/crowd.png]
[localhost/settic-static-website/box.html]
[localhost/settic-static-website/static/css/custom/services-box.css]
[localhost/settic-static-website/deee-management.html]
[localhost/settic-static-website/static/css/custom/client.css]
[localhost/settic-static-website/static/css/custom/contact.css]
[localhost/settic-static-website/contact.html]
[localhost/settic-static-website/client.html]
[localhost/settic-static-website/static/js/assets/typed.js@2.0.html]
[localhost/settic-static-website/static/images/kid_waste.jpg]
[localhost/settic-static-website/static/css/custom/about.css]
[localhost/settic-static-website/static/js/custom/about.js]
[localhost/settic-static-website/static/css/custom/deee.css]
[localhost/settic-static-website/static/css/custom/accompagnement.css]
[localhost/settic-static-website/static/css/custom/services-box.css]
[localhost/settic-static-website/static/css/custom/client.css]
[localhost/settic-static-website/static/css/custom/contact.css]
[localhost/settic-static-website/static/js/custom/contact.js]
[localhost/settic-static-website/static/loaders/jumping_ball.svg]
